../Core/Src/main.c:159:5:main	8	static
../Core/Src/main.c:290:6:SystemClock_Config	96	static
../Core/Src/main.c:341:13:MX_I2C1_Init	8	static
../Core/Src/main.c:389:13:MX_TIM16_Init	80	static
../Core/Src/main.c:451:13:MX_USART1_UART_Init	8	static
../Core/Src/main.c:485:13:MX_USART2_UART_Init	8	static
../Core/Src/main.c:520:13:MX_GPIO_Init	40	static
../Core/Src/main.c:567:6:HAL_UART_TxCpltCallback	16	static
../Core/Src/main.c:574:6:HAL_UART_RxCpltCallback	256	static
../Core/Src/main.c:971:6:HAL_I2C_AddrCallback	16	static
../Core/Src/main.c:976:6:HAL_I2C_SlaveTxCpltCallback	16	static
../Core/Src/main.c:983:6:HAL_I2C_SlaveRxCpltCallback	16	static
../Core/Src/main.c:992:6:Heartbeat	8	static
../Core/Src/main.c:1001:6:ClearBuffer	24	static
../Core/Src/main.c:1013:6:Error_Handler	4	static,ignoring_inline_asm
